aaa.png
img0.png
img1.png
img10.png
img100.png
img101.png
img102.png
img103.png
img104.png
img105.png
img106.png
img107.png
img108.png
img109.png
img11.png
img110.png
img111.png
img112.png
img113.png
img114.png
img115.png
img116.png
img117.png
img118.png
img119.png
img12.png
img120.png
img121.png
img122.png
img13.png
img14.png
img15.png
img16.png
img17.png
img18.png
img19.png
img2.png
img20.png
img21.png
img22.png
img23.png
img24.png
img25.png
img26.png
img27.png
img28.png
img29.png
img3.png
img30.png
img31.png
img32.png
img33.png
img34.png
img35.png
img36.png
img37.png
img38.png
img39.png
img4.png
img40.png
img41.png
img42.png
img43.png
img44.png
img45.png
img46.png
img47.png
img48.png
img49.png
img5.png
img50.png
img51.png
img52.png
img53.png
img54.png
img55.png
img56.png
img57.png
img58.png
img59.png
img6.png
img60.png
img61.png
img62.png
img63.png
img64.png
img65.png
img66.png
img67.png
img68.png
img69.png
img7.png
img70.png
img71.png
img72.png
img73.png
img74.png
img75.png
img76.png
img77.png
img78.png
img79.png
img8.png
img80.png
img81.png
img82.png
img83.png
img84.png
img85.png
img86.png
img87.png
img88.png
img89.png
img9.png
img90.png
img91.png
img92.png
img93.png
img94.png
img95.png
img96.png
img97.png
img98.png
img99.png
wenti.png
